%!Adobe-FontList 1.16
%Locale:0x419

%BeginFont
Handler:DirectoryHandler
FontType:TrueType
FontName:Stolzl-Medium
FamilyName:Stolzl
StyleName:Medium
FullName:Stolzl-Medium
MenuName:Stolzl Medium
StyleBits:0
WritingScript:Roman
OutlineFileName:G:\Design\vynahydnyk3\cut\Font\Stolzl-Medium.ttf
DataFormat:sfntData
FileLength:75240
FileModTime:1539792401
WeightClass:500
WidthClass:5
AngleClass:0
NameArray:0,Mac,4,Stolzl-Medium
NameArray:0,Win,1,Stolzl Medium
NameArray:0,Win,16,Stolzl
%EndFont

%BeginFont
Handler:DirectoryHandler
FontType:Invalid
OutlineFileName:G:\Design\vynahydnyk3\cut\Font\Stolzl-Medium.woff
FileModTime:1547032682
%EndFont

%BeginFont
Handler:DirectoryHandler
FontType:Invalid
OutlineFileName:G:\Design\vynahydnyk3\cut\Font\Stolzl-Medium.woff2
FileModTime:1547032682
%EndFont

%BeginFont
Handler:DirectoryHandler
FontType:TrueType
FontName:Stolzl-Regular
FamilyName:Stolzl
StyleName:Regular
FullName:Stolzl-Regular
MenuName:Stolzl
StyleBits:0
WritingScript:Roman
OutlineFileName:G:\Design\vynahydnyk3\cut\Font\Stolzl-Regular.ttf
DataFormat:sfntData
FileLength:75668
FileModTime:1539792385
WeightClass:400
WidthClass:5
AngleClass:0
NameArray:0,Mac,4,Stolzl-Regular
NameArray:0,Win,1,Stolzl
%EndFont

%BeginFont
Handler:DirectoryHandler
FontType:Invalid
OutlineFileName:G:\Design\vynahydnyk3\cut\Font\Stolzl-Regular.woff
FileModTime:1547032682
%EndFont

%BeginFont
Handler:DirectoryHandler
FontType:Invalid
OutlineFileName:G:\Design\vynahydnyk3\cut\Font\Stolzl-Regular.woff2
FileModTime:1547032682
%EndFont

